// Jest Snapshot v1, https://goo.gl/fbAQLP

exports[`AppMarkdown mount snapshot 1`] = `
<div
  class="app-markdown"
>
  <div
    class="app-markdown__body"
  >
    body
  </div>
</div>
`;
