// Jest Snapshot v1, https://goo.gl/fbAQLP

exports[`AppDate mount snapshot 1`] = `
<time
  class="app-date"
  datetime="2019-10-07T12:00:00"
>
  <span
    class="app-date__date"
  >
    
    19/10/07
  
  </span>
</time>
`;
