// Jest Snapshot v1, https://goo.gl/fbAQLP

exports[`LogDetail mount snapshot 1`] = `
<article
  class="log-detail"
>
  <h1
    class="log-detail__title"
  >
    title
  </h1>
   
  <app-markdown-stub
    body="body"
    class="log-detail__body"
  />
</article>
`;
