// Jest Snapshot v1, https://goo.gl/fbAQLP

exports[`AppLabel mount snapshot 1`] = `
<div
  class="app-label"
>
  
  label

</div>
`;
