// Jest Snapshot v1, https://goo.gl/fbAQLP

exports[`LogDescription mount snapshot 1`] = `
<p
  class="log-description"
>
  
  

</p>
`;
